dora_menzen s=1 ok
dora_menzen s=2 ok
dora_menzen s=3 ok
dora_menzen s=4 ok
dora_riichi s=1 ok
dora_riichi s=2 ok
dora_riichi s=3 ok
dora_riichi s=4 ok
kan_dora s=1 ok
kan_dora s=2 ok
kan_dora s=3 ok
kan_dora s=4 ok
han_stack s=1 ok
han_stack s=2 ok
han_stack s=3 ok
han_stack s=4 ok
bank_han s=1 ok
bank_han s=2 ok
bank_han s=3 ok
bank_han s=4 ok
payout s=1 ok
payout s=2 ok
payout s=3 ok
payout s=4 ok
loss_gain s=1 ok
loss_gain s=2 ok
loss_gain s=3 ok
loss_gain s=4 ok
river_yaku s=1 ok
river_yaku s=2 ok
river_yaku s=3 ok
river_yaku s=4 ok
river_info s=1 ok
river_info s=2 ok
river_info s=3 ok
river_info s=4 ok
terminal s=1 ok
terminal s=2 ok
terminal s=3 ok
terminal s=4 ok
honor_shape s=1 ok
honor_shape s=2 ok
honor_shape s=3 ok
honor_shape s=4 ok
suit_edit s=1 ok
suit_edit s=2 ok
suit_edit s=3 ok
suit_edit s=4 ok
hand_steal s=1 ok
hand_steal s=2 ok
hand_steal s=3 ok
hand_steal s=4 ok
wall_edit s=1 ok
wall_edit s=2 ok
wall_edit s=3 ok
wall_edit s=4 ok
tempo s=1 ok
tempo s=2 ok
tempo s=3 ok
tempo s=4 ok
call_menzen s=1 ok
call_menzen s=2 ok
call_menzen s=3 ok
call_menzen s=4 ok
call_shape s=1 ok
call_shape s=2 ok
call_shape s=3 ok
call_shape s=4 ok
riichi_open s=1 ok
riichi_open s=2 ok
riichi_open s=3 ok
riichi_open s=4 ok
riichi_deny s=1 ok
riichi_deny s=2 ok
riichi_deny s=3 ok
riichi_deny s=4 ok
opp_riichi s=1 ok
opp_riichi s=2 ok
opp_riichi s=3 ok
opp_riichi s=4 ok
disrupt s=1 ok
disrupt s=2 ok
disrupt s=3 ok
disrupt s=4 ok
defense_info s=1 ok
defense_info s=2 ok
defense_info s=3 ok
defense_info s=4 ok
dealer s=1 ok
dealer s=2 ok
dealer s=3 ok
dealer s=4 ok
altwin s=1 ok
altwin s=2 ok
altwin s=3 ok
altwin s=4 ok
